ARM Linker, 4.1 [Build 481] [Evaluation]

==============================================================================

Section Cross References

    startup.o(RESET) refers to startup.o(STACK) for Stack_Top
    startup.o(RESET) refers to entry.o(.ARM.Collect$$$$00000000) for __main
    liushui.o(.text) refers to liushui.o(.data) for i
    entry.o(.ARM.Collect$$$$00000000) refers (Special) to entry7.o(.ARM.Collect$$$$00000007) for _main_init
    entry.o(.ARM.Collect$$$$00000000) refers (Special) to entry5.o(.ARM.Collect$$$$00000004) for _main_scatterload
    entry.o(.ARM.Collect$$$$00000000) refers (Special) to entry2.o(.ARM.Collect$$$$00000001) for _main_stk
    entry2.o(.ARM.Collect$$$$00000001) refers to entry2.o(.ARM.Collect$$$$00002712) for __lit__00000000
    entry2.o(.ARM.Collect$$$$00002712) refers to startup.o(STACK) for __initial_sp
    entry5.o(.ARM.Collect$$$$00000004) refers to init.o(.text) for __scatterload
    entry7.o(.ARM.Collect$$$$00000007) refers to liushui.o(.text) for main
    init.o(.text) refers to init.o(i.__ARM_common_call_via_r3) for __ARM_common_call_via_r3
    init.o(.text) refers to entry5.o(.ARM.Collect$$$$00000004) for __main_after_scatterload


==============================================================================

Removing Unused input sections from the image.

    Removing startup.o(HEAP), (0 bytes).
    Removing startup.o(RESET), (264 bytes).

2 unused section(s) (total 264 bytes) removed from the image.

==============================================================================

Adding Veneers to the image

    Adding AT veneer (8 bytes, Inline) for call to '__scatterload' from entry5.o(.ARM.Collect$$$$00000004).
    Adding TA veneer (8 bytes, Short) for call to '__main_after_scatterload' from init.o(.text).

2 Veneer(s) (total 16 bytes) added to the image.

==============================================================================

Image Symbol Table

    Local Symbols

    Symbol Name                              Value     Ov Type        Size  Object(Section)

    .ARM.Collect$$$$00000000                 0x00000000   Section        0  entry.o(.ARM.Collect$$$$00000000)
    .ARM.Collect$$$$00000001                 0x00000000   Section        4  entry2.o(.ARM.Collect$$$$00000001)
    ../../microlib/init/entry.s              0x00000000   Number         0  entry.o ABSOLUTE
    ../../microlib/init/entry.s              0x00000000   Number         0  entry2.o ABSOLUTE
    ../../microlib/init/entry.s              0x00000000   Number         0  entry5.o ABSOLUTE
    ../../microlib/init/entry.s              0x00000000   Number         0  entry7.o ABSOLUTE
    Startup.s                                0x00000000   Number         0  startup.o ABSOLUTE
    dc.s                                     0x00000000   Number         0  dc.o ABSOLUTE
    handlers.s                               0x00000000   Number         0  handlers.o ABSOLUTE
    init.s                                   0x00000000   Number         0  init.o ABSOLUTE
    liushui.c                                0x00000000   Number         0  liushui.o ABSOLUTE
    .ARM.Collect$$$$00000004                 0x00000004   Section        4  entry5.o(.ARM.Collect$$$$00000004)
    .ARM.Collect$$$$00000007                 0x00000008   Section       12  entry7.o(.ARM.Collect$$$$00000007)
    .ARM.Collect$$$$00002712                 0x00000014   Section        4  entry2.o(.ARM.Collect$$$$00002712)
    __lit__00000000                          0x00000014   Data           4  entry2.o(.ARM.Collect$$$$00002712)
    .text                                    0x00000018   Section        0  liushui.o(.text)
    .text                                    0x00000120   Section       32  init.o(.text)
    i.__ARM_common_call_via_r3               0x00000148   Section        2  init.o(i.__ARM_common_call_via_r3)
    i.__scatterload_copy                     0x0000014c   Section       28  handlers.o(i.__scatterload_copy)
    i.__scatterload_null                     0x00000168   Section        4  handlers.o(i.__scatterload_null)
    i.__scatterload_zeroinit                 0x0000016c   Section       24  handlers.o(i.__scatterload_zeroinit)
    .data                                    0x40000000   Section        1  liushui.o(.data)
    STACK                                    0x40000008   Section     1160  startup.o(STACK)
    Stack_Top                                0x40000490   Data           0  startup.o(STACK)

    Global Symbols

    Symbol Name                              Value     Ov Type        Size  Object(Section)

    BuildAttributes$$THM_ISAv1$ARM_ISAv4$S$PE$A:L22$X:L11$S22$IEEE1$IW$USESV6$~STKCKD$USESV7$~SHL$OSPACE$EBA8$MICROLIB$REQ8$PRES8$EABIv2 0x00000000   Number         0  anon$$obj.o ABSOLUTE
    __ARM_use_no_argv                        0x00000000   Number         0  liushui.o ABSOLUTE
    __main                                   0x00000000   ARM Code       0  entry.o(.ARM.Collect$$$$00000000)
    _main_stk                                0x00000000   ARM Code       0  entry2.o(.ARM.Collect$$$$00000001)
    __decompress                              - Undefined Weak Reference
    _main_scatterload                        0x00000004   ARM Code       0  entry5.o(.ARM.Collect$$$$00000004)
    __main_after_scatterload                 0x00000008   ARM Code       0  entry5.o(.ARM.Collect$$$$00000004)
    _main_init                               0x00000008   ARM Code       0  entry7.o(.ARM.Collect$$$$00000007)
    myDelay                                  0x00000018   ARM Code      52  liushui.o(.text)
    main                                     0x0000004c   ARM Code     188  liushui.o(.text)
    Inline ARM to Thumb Veneer to __scatterload 0x00000118   ARM Code       8  init.o(.text)
    __scatterload                            0x00000121   Thumb Code    24  init.o(.text)
    __scatterload_rt2                        0x00000121   Thumb Code     0  init.o(.text)
    Short Thumb to ARM Veneer to __main_after_scatterload 0x00000141   Thumb Code     8  anon$$obj.o(Veneer$$Code)
    __ARM_common_call_via_r3                 0x00000149   Thumb Code     2  init.o(i.__ARM_common_call_via_r3)
    __scatterload_copy                       0x0000014c   ARM Code      28  handlers.o(i.__scatterload_copy)
    __scatterload_null                       0x00000168   ARM Code       4  handlers.o(i.__scatterload_null)
    __scatterload_zeroinit                   0x0000016c   ARM Code      24  handlers.o(i.__scatterload_zeroinit)
    Region$$Table$$Base                      0x00000184   Number         0  anon$$obj.o(Region$$Table)
    Region$$Table$$Limit                     0x000001a4   Number         0  anon$$obj.o(Region$$Table)
    i                                        0x40000000   Data           1  liushui.o(.data)
    __initial_sp                             0x40000408   Data         136  startup.o(STACK)



==============================================================================

Memory Map of the image

  Image Entry point : 0x00000000

  Load Region LR_1 (Base: 0x00000000, Size: 0x000001a8, Max: 0xffffffff, ABSOLUTE)

    Execution Region ER_RO (Base: 0x00000000, Size: 0x000001a4, Max: 0xffffffff, ABSOLUTE)

    Base Addr    Size         Type   Attr      Idx    E Section Name        Object

    0x00000000   0x00000000   Code   RO           30  * .ARM.Collect$$$$00000000  mc_t.l(entry.o)(mc_t.l)
    0x00000000   0x00000004   Code   RO           33  * .ARM.Collect$$$$00000001  mc_t.l(entry2.o)(mc_t.l)
    0x00000004   0x00000004   Code   RO           35    .ARM.Collect$$$$00000004  mc_t.l(entry5.o)(mc_t.l)
    0x00000008   0x0000000c   Code   RO           36    .ARM.Collect$$$$00000007  mc_t.l(entry7.o)(mc_t.l)
    0x00000014   0x00000004   Code   RO           34    .ARM.Collect$$$$00002712  mc_t.l(entry2.o)(mc_t.l)
    0x00000018   0x00000100   Code   RO            8    .text               liushui.o
    0x00000118   0x00000008   Ven    RO           37    .text               mc_t.l(init.o)(mc_t.l)
    0x00000120   0x00000020   Code   RO           37    .text               mc_t.l(init.o)(mc_t.l)
    0x00000140   0x00000008   Ven    RO           50    Veneer$$Code        anon$$obj.o
    0x00000148   0x00000002   Code   RO           39    i.__ARM_common_call_via_r3  mc_t.l(init.o)(mc_t.l)
    0x0000014a   0x00000002   PAD
    0x0000014c   0x0000001c   Code   RO           43    i.__scatterload_copy  mc_t.l(handlers.o)(mc_t.l)
    0x00000168   0x00000004   Code   RO           44    i.__scatterload_null  mc_t.l(handlers.o)(mc_t.l)
    0x0000016c   0x00000018   Code   RO           45    i.__scatterload_zeroinit  mc_t.l(handlers.o)(mc_t.l)
    0x00000184   0x00000020   Data   RO           41    Region$$Table       anon$$obj.o


    Execution Region ER_RW (Base: 0x40000000, Size: 0x00000004, Max: 0xffffffff, ABSOLUTE)

    Base Addr    Size         Type   Attr      Idx    E Section Name        Object

    0x40000000   0x00000001   Data   RW            9    .data               liushui.o


    Execution Region ER_ZI (Base: 0x40000004, Size: 0x0000048c, Max: 0xffffffff, ABSOLUTE)

    Base Addr    Size         Type   Attr      Idx    E Section Name        Object

    0x40000004   0x00000004   PAD
    0x40000008   0x00000488   Zero   RW            1    STACK               startup.o


==============================================================================

Image component sizes


      Code (inc. data)   RO Data    RW Data    ZI Data      Debug   Object Name

       256         16          0          1          0          0   liushui.o
         0          0          0          0       1160          0   startup.o

    ----------------------------------------------------------------------
       264         16         32          4       1164          0   Object Totals
         8          0         32          0          0          0   (incl. Generated)
         0          0          0          3          4          1   (incl. Padding)

    ----------------------------------------------------------------------

      Code (inc. data)   RO Data    RW Data    ZI Data      Debug   Library Member Name

         0          0          0          0          0          0   entry.o
         8          4          0          0          0          0   entry2.o
         4          0          0          0          0          0   entry5.o
        12          4          0          0          0          0   entry7.o
        56          0          0          0          0          0   handlers.o
        42          8          0          0          0          0   init.o

    ----------------------------------------------------------------------
       124         16          0          0          0          0   Library Totals
         2          0          0          0          0          0   (incl. Padding)

    ----------------------------------------------------------------------

      Code (inc. data)   RO Data    RW Data    ZI Data      Debug   Library Name

       122         16          0          0          0        136   mc_t.l

    ----------------------------------------------------------------------
       124         16          0          0          0          0   Library Totals

    ----------------------------------------------------------------------

==============================================================================


      Code (inc. data)   RO Data    RW Data    ZI Data      Debug   

       388         32         32          4       1164       3276   Grand Totals
       388         32         32          4       1164       3276   ELF Image Totals
       388         32         32          4          0          0   ROM Totals

==============================================================================

    Total RO  Size (Code + RO Data)                  420 (   0.41kB)
    Total RW  Size (RW Data + ZI Data)              1168 (   1.14kB)
    Total ROM Size (Code + RO Data + RW Data)        424 (   0.41kB)

==============================================================================

